// Jest Snapshot v1, https://goo.gl/fbAQLP

exports[`<Button /> Should render a large button 1`] = `
<View
  accessible={true}
  focusable={true}
  isTVSelectable={true}
  onClick={[Function]}
  onResponderGrant={[Function]}
  onResponderMove={[Function]}
  onResponderRelease={[Function]}
  onResponderTerminate={[Function]}
  onResponderTerminationRequest={[Function]}
  onStartShouldSetResponder={[Function]}
  style={
    Object {
      "alignItems": "center",
      "alignSelf": "stretch",
      "backgroundColor": "#cbc4b8",
      "flexDirection": "row",
      "height": 60,
      "justifyContent": "center",
      "opacity": 1,
    }
  }
>
  times
  <Text
    style={
      Object {
        "color": "#846d63",
        "fontSize": 24,
        "marginLeft": 20,
      }
    }
  >
    Large Button
  </Text>
</View>
`;
